// Jest Snapshot v1, https://goo.gl/fbAQLP

exports[`Pruebas en <PrimeraApp /> debe mostrar <primerApp /> correctamente  1`] = `
<Fragment>
  <h1>
    Hola 
    Erick
  </h1>
  <br />
  <h2>
    Hola, Soy Goku
  </h2>
  <p>
    Soy un subtitulo
  </p>
</Fragment>
`;
